
FAILURE: Build failed with an exception.

* What went wrong:
Timeout waiting to lock build logic queue. It is currently in use by another Gradle instance.
Owner PID: 19224
Our PID: 18848
Owner Operation: 
Our operation: 
Lock file: C:\Users\Zenmi\Documents\Projects\NudgeCore\android\.gradle\noVersion\buildLogic.lock

* Try:
> Run with --stacktrace option to get the stack trace.
> Run with --info or --debug option to get more log output.
> Run with --scan to get full insights.
> Get more help at https://help.gradle.org.

BUILD FAILED in 1m 10s
